2025-03-12 10:12:06,085 CRIT Supervisor is running as root.  Privileges were not dropped because no user is specified in the config file.  If you intend to run as root, you can set user=root in the config file to avoid this message.
2025-03-12 10:12:06,090 INFO supervisord started with pid 1
2025-03-12 10:12:07,093 INFO spawned: 'queue' with pid 7
2025-03-12 10:12:07,095 INFO spawned: 'websockets' with pid 8
2025-03-12 10:12:08,098 INFO success: queue entered RUNNING state, process has stayed up for > than 1 seconds (startsecs)
2025-03-12 10:12:08,098 INFO success: websockets entered RUNNING state, process has stayed up for > than 1 seconds (startsecs)
2025-03-12 10:18:16,950 CRIT Supervisor is running as root.  Privileges were not dropped because no user is specified in the config file.  If you intend to run as root, you can set user=root in the config file to avoid this message.
2025-03-12 10:18:16,978 INFO supervisord started with pid 1
2025-03-12 10:18:17,980 INFO spawned: 'queue' with pid 7
2025-03-12 10:18:17,982 INFO spawned: 'websockets' with pid 8
2025-03-12 10:18:18,984 INFO success: queue entered RUNNING state, process has stayed up for > than 1 seconds (startsecs)
2025-03-12 10:18:18,984 INFO success: websockets entered RUNNING state, process has stayed up for > than 1 seconds (startsecs)
2025-03-12 10:18:50,458 WARN exited: queue (exit status 1; not expected)
2025-03-12 10:18:50,459 WARN exited: websockets (exit status 1; not expected)
2025-03-12 10:18:51,463 INFO spawned: 'queue' with pid 15
2025-03-12 10:18:51,473 INFO spawned: 'websockets' with pid 16
2025-03-12 10:18:52,476 INFO success: queue entered RUNNING state, process has stayed up for > than 1 seconds (startsecs)
2025-03-12 10:18:52,476 INFO success: websockets entered RUNNING state, process has stayed up for > than 1 seconds (startsecs)
2025-03-12 10:19:01,317 WARN exited: queue (exit status 1; not expected)
2025-03-12 10:19:02,321 INFO spawned: 'queue' with pid 23
2025-03-12 10:19:02,322 WARN exited: websockets (exit status 1; not expected)
2025-03-12 10:19:03,323 INFO success: queue entered RUNNING state, process has stayed up for > than 1 seconds (startsecs)
2025-03-12 10:19:03,326 INFO spawned: 'websockets' with pid 24
2025-03-12 10:19:04,330 INFO success: websockets entered RUNNING state, process has stayed up for > than 1 seconds (startsecs)
2025-03-12 10:19:13,051 WARN exited: queue (exit status 1; not expected)
2025-03-12 10:19:13,053 INFO spawned: 'queue' with pid 31
2025-03-12 10:19:14,082 INFO success: queue entered RUNNING state, process has stayed up for > than 1 seconds (startsecs)
2025-03-12 10:19:14,083 WARN exited: websockets (exit status 1; not expected)
2025-03-12 10:19:15,085 INFO spawned: 'websockets' with pid 32
2025-03-12 10:19:16,086 INFO success: websockets entered RUNNING state, process has stayed up for > than 1 seconds (startsecs)
2025-03-12 10:19:21,982 WARN exited: queue (exit status 1; not expected)
2025-03-12 10:19:22,932 INFO spawned: 'queue' with pid 39
2025-03-12 10:19:23,957 INFO success: queue entered RUNNING state, process has stayed up for > than 1 seconds (startsecs)
2025-03-12 10:19:23,957 WARN exited: websockets (exit status 1; not expected)
2025-03-12 10:19:24,959 INFO spawned: 'websockets' with pid 40
2025-03-12 10:19:25,961 INFO success: websockets entered RUNNING state, process has stayed up for > than 1 seconds (startsecs)
2025-03-12 10:21:35,396 WARN received SIGQUIT indicating exit request
2025-03-12 10:21:35,397 INFO waiting for queue, websockets to die
2025-03-12 10:21:35,398 WARN stopped: websockets (terminated by SIGTERM)
2025-03-12 10:21:35,401 WARN stopped: queue (terminated by SIGTERM)
2025-03-12 10:21:36,378 CRIT Supervisor is running as root.  Privileges were not dropped because no user is specified in the config file.  If you intend to run as root, you can set user=root in the config file to avoid this message.
2025-03-12 10:21:36,381 INFO supervisord started with pid 1
2025-03-12 10:21:37,387 INFO spawned: 'php-fpm' with pid 7
2025-03-12 10:21:37,388 INFO spawned: 'queue' with pid 8
2025-03-12 10:21:37,389 INFO spawned: 'websockets' with pid 9
2025-03-12 10:21:38,454 INFO success: php-fpm entered RUNNING state, process has stayed up for > than 1 seconds (startsecs)
2025-03-12 10:21:38,454 INFO success: queue entered RUNNING state, process has stayed up for > than 1 seconds (startsecs)
2025-03-12 10:21:38,454 INFO success: websockets entered RUNNING state, process has stayed up for > than 1 seconds (startsecs)
2025-03-12 10:45:00,090 WARN received SIGQUIT indicating exit request
2025-03-12 10:45:00,091 INFO waiting for php-fpm, queue, websockets to die
2025-03-12 10:45:00,092 WARN stopped: websockets (terminated by SIGTERM)
2025-03-12 10:45:00,094 WARN stopped: queue (terminated by SIGTERM)
2025-03-12 10:45:00,361 INFO stopped: php-fpm (exit status 0)
2025-03-12 10:45:01,839 CRIT Supervisor is running as root.  Privileges were not dropped because no user is specified in the config file.  If you intend to run as root, you can set user=root in the config file to avoid this message.
2025-03-12 10:45:01,843 INFO supervisord started with pid 1
2025-03-12 10:45:02,846 INFO spawned: 'queue' with pid 7
2025-03-12 10:45:02,847 INFO spawned: 'websockets' with pid 8
2025-03-12 10:45:03,850 INFO success: queue entered RUNNING state, process has stayed up for > than 1 seconds (startsecs)
2025-03-12 10:45:03,850 INFO success: websockets entered RUNNING state, process has stayed up for > than 1 seconds (startsecs)
2025-03-12 10:47:12,057 WARN received SIGQUIT indicating exit request
2025-03-12 10:47:12,057 INFO waiting for queue, websockets to die
2025-03-12 10:47:12,059 WARN stopped: websockets (terminated by SIGTERM)
2025-03-12 10:47:12,061 WARN stopped: queue (terminated by SIGTERM)
2025-03-12 10:47:12,908 CRIT Supervisor is running as root.  Privileges were not dropped because no user is specified in the config file.  If you intend to run as root, you can set user=root in the config file to avoid this message.
2025-03-12 10:47:12,911 INFO supervisord started with pid 1
2025-03-12 10:47:13,914 INFO spawned: 'php-fpm' with pid 7
2025-03-12 10:47:13,916 INFO spawned: 'queue' with pid 8
2025-03-12 10:47:13,917 INFO spawned: 'websockets' with pid 9
2025-03-12 10:47:14,934 INFO success: php-fpm entered RUNNING state, process has stayed up for > than 1 seconds (startsecs)
2025-03-12 10:47:14,935 INFO success: queue entered RUNNING state, process has stayed up for > than 1 seconds (startsecs)
2025-03-12 10:47:14,935 INFO success: websockets entered RUNNING state, process has stayed up for > than 1 seconds (startsecs)
2025-03-12 10:50:18,281 WARN received SIGQUIT indicating exit request
2025-03-12 10:50:18,281 INFO waiting for php-fpm, queue, websockets to die
2025-03-12 10:50:18,283 WARN stopped: websockets (terminated by SIGTERM)
2025-03-12 10:50:18,285 WARN stopped: queue (terminated by SIGTERM)
2025-03-12 10:50:18,288 INFO stopped: php-fpm (exit status 0)
2025-03-12 10:50:19,143 CRIT Supervisor is running as root.  Privileges were not dropped because no user is specified in the config file.  If you intend to run as root, you can set user=root in the config file to avoid this message.
2025-03-12 10:50:19,147 INFO supervisord started with pid 1
2025-03-12 10:50:20,150 INFO spawned: 'nginx' with pid 7
2025-03-12 10:50:20,152 INFO spawned: 'php-fpm' with pid 8
2025-03-12 10:50:20,154 INFO spawned: 'queue' with pid 9
2025-03-12 10:50:20,156 INFO spawned: 'websockets' with pid 10
2025-03-12 10:50:21,170 INFO success: nginx entered RUNNING state, process has stayed up for > than 1 seconds (startsecs)
2025-03-12 10:50:21,170 INFO success: php-fpm entered RUNNING state, process has stayed up for > than 1 seconds (startsecs)
2025-03-12 10:50:21,171 INFO success: queue entered RUNNING state, process has stayed up for > than 1 seconds (startsecs)
2025-03-12 10:50:21,171 INFO success: websockets entered RUNNING state, process has stayed up for > than 1 seconds (startsecs)
